[fossmeet.in/index.html]
[backblue.gif]
[fade.gif]
[index.html]
[fossmeet.in/resources/img/favicon.png]
[fossmeet.in/css/style.css]
[fossmeet.in/resources/font-awesome/css/font-awesome.min.css]
[fossmeet.in/resources/img/header-logo-dark.png]
[external.html]
[fossmeet.in/schedule/index.html]
[fossmeet.in/resources/img/logo.png]
[fossmeet.in/resources/img/speakers/bradley.jpg]
[fossmeet.in/resources/img/speakers/sasikumar.png]
[fossmeet.in/resources/img/speakers/amol.jpg]
[fossmeet.in/resources/img/speakers/marco-fioretti.jpg]
[fossmeet.in/resources/img/speakers/bhuvana.jpg]
[fossmeet.in/resources/img/speakers/aswin.jpg]
[fossmeet.in/resources/img/speakers/karthickeyan.jpg]
[fossmeet.in/resources/img/speakers/amarjit.jpg]
[fossmeet.in/resources/img/speakers/saptak2.png]
[fossmeet.in/resources/img/speakers/devdutt.png]
[fossmeet.in/resources/img/speakers/kannan.png]
[fossmeet.in/resources/img/speakers/aravindp.png]
[fossmeet.in/resources/img/speakers/khasim.jpg]
[fossmeet.in/resources/img/sponsors/nilenso.png]
[fossmeet.in/resources/img/sponsors/icfoss.png]
[fossmeet.in/resources/img/sponsors/fossee.png]
[fossmeet.in/resources/img/sponsors/stickermule.jpg]
[fossmeet.in/resources/img/contact/amruth.jpg]
[fossmeet.in/resources/img/contact/vd.jpg]
[fossmeet.in/resources/img/parallax.jpg]
[ajax.googleapis.com/ajax/libs/jquery/3.3.1/jquery.min.js]
[code.getmdl.io/1.3.0/material.min.js]
[fossmeet.in/js/index.js]
[fossmeet.in/index.html]
[fossmeet.in/schedule/static/schedules.css]
[fossmeet.in/schedule/index.html]
[fossmeet.in/css/style.css]
[code.getmdl.io/1.3.0/material.blue_grey-light_blue.min.css]
[code.getmdl.io/1.3.0/material.min.js]
[fossmeet.in/resources/font-awesome/fonts/fontawesome-webfont3e6e.eot]
[fossmeet.in/resources/font-awesome/fonts/fontawesome-webfontd41d.eot]
[fossmeet.in/resources/font-awesome/fonts/fontawesome-webfont3e6e.woff2]
[fossmeet.in/resources/font-awesome/fonts/fontawesome-webfont3e6e.woff]
[fossmeet.in/resources/font-awesome/fonts/fontawesome-webfont3e6e.ttf]
[fossmeet.in/resources/font-awesome/fonts/fontawesome-webfont3e6e.woff2]
[fossmeet.in/resources/font-awesome/css/font-awesome.min.css]
[fossmeet.in/schedule/index.html]
[fossmeet.in/schedule/static/schedules.css]
[fossmeet.in/resources/font-awesome/fonts/fontawesome-webfont3e6e.svg]
[fossmeet.in/resources/font-awesome/fonts/fontawesome-webfont3e6e.svg]
